---
source: crates/mako/src/update.rs
expression: "&result"
---

added:["<CWD>/crates/mako/test/build/tmp/multi/chunk-2.ts", "<CWD>/crates/mako/test/build/tmp/multi/chunk-3.ts", "<CWD>/node_modules/.pnpm/@swc+helpers@0.5.1/node_modules/@swc/helpers/esm/_export_star.js"]
modified:["<CWD>/crates/mako/test/build/tmp/multi/index.ts"]
removed:[]

