---
source: crates/mako/src/update.rs
expression: "&code"
---
"\"use strict\";\n(async ()=>{\n    await require.ensure([\n        \"<CWD>/crates/mako/test/build/tmp/multi/chunk-2.ts\"\n    ]).then(require.bind(require, \"<CWD>/crates/mako/test/build/tmp/multi/chunk-2.ts\"));\n})();\n\n//# sourceMappingURL=<CWD>/crates/mako/test/build/tmp/multi/index.ts.map"
