---
source: crates/mako/src/update.rs
expression: "&module_graph"
---
graph
 nodes:["<CWD>/test/build/update/chunk-1.ts", "<CWD>/test/build/update/chunk-2.ts", "<CWD>/test/build/update/chunk-3.ts", "<CWD>/test/build/update/index.ts", "/Users/hedeng/projj/github.com/umijs/mako/node_modules/.pnpm/@swc+helpers@0.5.1/node_modules/@swc/helpers/esm/_export_star.js"] 
 references:["<CWD>/test/build/update/chunk-2.ts -> <CWD>/test/build/update/chunk-3.ts", "<CWD>/test/build/update/chunk-2.ts -> /Users/hedeng/projj/github.com/umijs/mako/node_modules/.pnpm/@swc+helpers@0.5.1/node_modules/@swc/helpers/esm/_export_star.js", "<CWD>/test/build/update/index.ts -> <CWD>/test/build/update/chunk-2.ts"]
