---
source: crates/mako/src/update.rs
assertion_line: 433
expression: "&code"
---
"\"use strict\";(async()=>{await require.ensure([\"<CWD>/crates/mako/test/build/tmp/multi/chunk-2.ts\"]).then(require.bind(require,\"<CWD>/crates/mako/test/build/tmp/multi/chunk-2.ts\"));})();\n//# sourceMappingURL=<CWD>/crates/mako/test/build/tmp/multi/index.ts.map"
