---
source: crates/mako/src/transformers/transform_dynamic_import_to_require.rs
expression: "transform(r#\"\nimport('test-module').then(() => (\nimport('test-module-2')\n));\n\nPromise.all([\nimport('test-1'),\nimport('test-2'),\nimport('test-3'),\n]).then(() => {});\n            \"#)"
---
Promise.resolve().then(()=>require("test-module")).then(()=>(Promise.resolve().then(()=>require("test-module-2"))));
Promise.all([
    Promise.resolve().then(()=>require("test-1")),
    Promise.resolve().then(()=>require("test-2")),
    Promise.resolve().then(()=>require("test-3"))
]).then(()=>{});
