---
source: crates/mako/src/transformers/transform_provide.rs
expression: "transform(r#\"\nconsole.log(process);\nconsole.log(process.env);\nBuffer.from('foo');\nfunction foo() {\n    // let process = 1;\n    // console.log(process);\n    // let Buffer = 'b';\n    // Buffer.from('foo');\n}\n            \"#)"
---
import process from "process";
import { Buffer } from "buffer";
console.log(process);
console.log(process.env);
Buffer.from('foo');
function foo() {}
