---
source: crates/mako/src/transformers/transform_dynamic_import_to_require.rs
expression: "transform(r#\"\nimport(MODULE);\n\nlet i = 0;\nimport(i++);\n\nimport(fn());\n\nasync () => import(await \"x\");\n\nfunction* f() { import(yield \"x\"); }\n            \"#)"
---
import(MODULE);
let i = 0;
import(i++);
import(fn());
async ()=>import(await "x");
function* f() {
    import(yield "x");
}
