---
source: crates/mako/src/transformers/transform_dep_replacer.rs
expression: "transform_ast_with(&mut ast.ast, &mut visitor, &context.meta.script.cm)"
---
require(Object(function makoMissingModule() {
    var e = new Error("Cannot find module 'react'");
    e.code = "MODULE_NOT_FOUND";
    throw e;
}()));
