---
source: crates/mako_bundler/tests/bundler_test.rs
expression: "&orders"
---
[
    ModuleId {
        id: "<CWD>/tests/fixtures/multiple/entry.js",
    },
    ModuleId {
        id: "<CWD>/tests/fixtures/multiple/one.js",
    },
    ModuleId {
        id: "<CWD>/tests/fixtures/multiple/two.js",
    },
    ModuleId {
        id: "<CWD>/tests/fixtures/multiple/three.js",
    },
]
