---
source: crates/mako_bundler/tests/bundler_test.rs
expression: compiler.context.chunk_graph
---
graph
 nodes:["<CWD>/tests/fixtures/chunks/entry.js", "<CWD>/tests/fixtures/chunks/chunk-1.js", "<CWD>/tests/fixtures/chunks/chunk-2.js"] 
 references:["<CWD>/tests/fixtures/chunks/entry.js -> <CWD>/tests/fixtures/chunks/chunk-1.js", "<CWD>/tests/fixtures/chunks/chunk-1.js -> <CWD>/tests/fixtures/chunks/chunk-2.js"]
