---
source: crates/mako_bundler/tests/bundler_test.rs
expression: "&compiler.context.module_graph"
---
graph
 nodes:["<CWD>/tests/fixtures/multiple/entry.js", "<CWD>/tests/fixtures/multiple/two.js", "<CWD>/tests/fixtures/multiple/one.js", "<CWD>/tests/fixtures/multiple/three.js"] 
 references:["<CWD>/tests/fixtures/multiple/entry.js -> <CWD>/tests/fixtures/multiple/two.js", "<CWD>/tests/fixtures/multiple/entry.js -> <CWD>/tests/fixtures/multiple/one.js", "<CWD>/tests/fixtures/multiple/one.js -> <CWD>/tests/fixtures/multiple/two.js", "<CWD>/tests/fixtures/multiple/entry.js -> <CWD>/tests/fixtures/multiple/three.js"]
